Microchip MPLAB XC8 Compiler V2.40

Linker command line:

-W-3 \
  --edf=C:\Program Files\Microchip\xc8\v2.40\pic\dat\20220703182018_en.msgs \
  -cn -h+dist/default/production\GPIO_Driver.production.sym \
  --cmf=dist/default/production\GPIO_Driver.production.cmf -z -Q18F4620 \
  -oC:\Users\KAREEM~1\AppData\Local\Temp\xcAsbu0.4 --defsym=__MPLAB_BUILD=1 \
  --fixupoverflow=error \
  -Mdist/default/production/GPIO_Driver.production.map \
  --md=C:\Users\KAREEM~1\AppData\Local\Temp\xcAsbu0.dat -E1 \
  -ver=XC8 Compiler --acfsm=1493 -ACODE=00h-0FFFFh -ACONST=00h-0FFFFh \
  -ASMALLCONST=01000h-010FFhx240 -AMEDIUMCONST=01000h-0FFFFh \
  -ACOMRAM=01h-07Fh -AABS1=00h-0F7Fh -ABIGRAM=01h-0F7Fh \
  -ARAM=080h-0FFh,0100h-01FFhx14,0F00h-0F7Fh -ABANK0=080h-0FFh \
  -ABANK1=0100h-01FFh -ABANK2=0200h-02FFh -ABANK3=0300h-03FFh \
  -ABANK4=0400h-04FFh -ABANK5=0500h-05FFh -ABANK6=0600h-06FFh \
  -ABANK7=0700h-07FFh -ABANK8=0800h-08FFh -ABANK9=0900h-09FFh \
  -ABANK10=0A00h-0AFFh -ABANK11=0B00h-0BFFh -ABANK12=0C00h-0CFFh \
  -ABANK13=0D00h-0DFFh -ABANK14=0E00h-0EFFh -ABANK15=0F00h-0F7Fh \
  -ASFR=0F80h-0FFFh -ABIGSFR=0F80h-0FFFh -ACONFIG=0300000h-030000Dh \
  -AIDLOC=0200000h-0200007h -AEEDATA=0F00000h-0F003FFh -peeprom_data=EEDATA \
  -preset_vec=00h,intcode,intcodelo,powerup,init -pramtop=01000h \
  -psmallconst=SMALLCONST -pmediumconst=MEDIUMCONST -pconst=CONST \
  -AFARRAM=00h-00h \
  -prdata=COMRAM,nvrram=COMRAM,nvbit=COMRAM,rbss=COMRAM,rbit=COMRAM \
  -pfarbss=FARRAM,fardata=FARRAM,nvFARRAM=FARRAM \
  -pintsave_regs=BIGRAM,bigbss=BIGRAM,bigdata=BIGRAM -pbss=RAM \
  -pidata=CODE,irdata=CODE,ibigdata=CODE,ifardata=CODE -prparam=COMRAM \
  C:\Users\KAREEM~1\AppData\Local\Temp\xcAsbu0.o \
  dist/default/production\GPIO_Driver.production.o 

Object code version is 3.11

Machine type is 18F4620



                Name                               Link     Load   Length Selector   Space Scale
C:\Users\KAREEM~1\AppData\Local\Temp\xcAsbu0.o
                idloc                            200000   200000        8        0       5
                config                           300000   300000        E        0       4
                init                                  0        0        4        0       0
dist/default/production\GPIO_Driver.production.o
                idloc                            200000   200000        8        0       5
                config                           300000   300000        E        0       4
                smallconst                         1000     1000       50      800       0
                text27                             1760     1760      162      828       0
                text26                             1A22     1A22      14A      828       0
                text25                             1FAE     1FAE       E4      828       0
                text24                             2434     2434       7A      828       0
                text23                             238A     238A       AA      828       0
                text22                             15FE     15FE      162      828       0
                text21                             2834     2834       1A      828       0
                text20                             2602     2602       6A      828       0
                text19                             280E     280E       26      828       0
                text18                             27E2     27E2       2C      828       0
                text17                             26B8     26B8       46      828       0
                text16                             1B6C     1B6C      144      828       0
                text15                             2092     2092       D6      828       0
                text14                             1DBC     1DBC      106      828       0
                text13                             22E0     22E0       AA      828       0
                text12                             266C     266C       4C      828       0
                text11                             2234     2234       AC      828       0
                text10                             2740     2740       3C      828       0
                text9                              2598     2598       6A      828       0
                text8                              2524     2524       74      828       0
                text7                              1488     1488      176      828       0
                text6                              277C     277C       36      828       0
                text5                              24AE     24AE       76      828       0
                text4                              1CB0     1CB0      10C      828       0
                text3                              1EC2     1EC2       EC      828       0
                text2                              18C2     18C2      160      828       0
                text1                              2168     2168       CC      828       0
                text0                              1050     1050      438      828       0
                cstackCOMRAM                         31       31       27        1       1
                bssBANK0                             80       80       80       80       1
                dataCOMRAM                            1        1       30        1       1
                bssCOMRAM                            58       58       21        1       1
                cinit                              26FE     26FE       42      828       0
                idataCOMRAM                        27B2     27B2       30      828       0

TOTAL           Name                               Link     Load   Length     Space
        CLASS   CODE           
                init                                  0        0        4         0
                text27                             1760     1760      162         0
                text26                             1A22     1A22      14A         0
                text25                             1FAE     1FAE       E4         0
                text24                             2434     2434       7A         0
                text23                             238A     238A       AA         0
                text22                             15FE     15FE      162         0
                text21                             2834     2834       1A         0
                text20                             2602     2602       6A         0
                text19                             280E     280E       26         0
                text18                             27E2     27E2       2C         0
                text17                             26B8     26B8       46         0
                text16                             1B6C     1B6C      144         0
                text15                             2092     2092       D6         0
                text14                             1DBC     1DBC      106         0
                text13                             22E0     22E0       AA         0
                text12                             266C     266C       4C         0
                text11                             2234     2234       AC         0
                text10                             2740     2740       3C         0
                text9                              2598     2598       6A         0
                text8                              2524     2524       74         0
                text7                              1488     1488      176         0
                text6                              277C     277C       36         0
                text5                              24AE     24AE       76         0
                text4                              1CB0     1CB0      10C         0
                text3                              1EC2     1EC2       EC         0
                text2                              18C2     18C2      160         0
                text1                              2168     2168       CC         0
                text0                              1050     1050      438         0
                cinit                              26FE     26FE       42         0
                idataCOMRAM                        27B2     27B2       30         0

        CLASS   CONST          

        CLASS   SMALLCONST     
                smallconst                         1000     1000       50         0

        CLASS   MEDIUMCONST    

        CLASS   COMRAM         
                cstackCOMRAM                         31       31       27         1
                dataCOMRAM                            1        1       30         1
                bssCOMRAM                            58       58       21         1

        CLASS   ABS1           

        CLASS   BIGRAM         

        CLASS   RAM            

        CLASS   BANK0          
                bssBANK0                             80       80       80         1

        CLASS   BANK1          

        CLASS   BANK2          

        CLASS   BANK3          

        CLASS   BANK4          

        CLASS   BANK5          

        CLASS   BANK6          

        CLASS   BANK7          

        CLASS   BANK8          

        CLASS   BANK9          

        CLASS   BANK10         

        CLASS   BANK11         

        CLASS   BANK12         

        CLASS   BANK13         

        CLASS   BANK14         

        CLASS   BANK15         

        CLASS   SFR            

        CLASS   BIGSFR         

        CLASS   CONFIG         
                config                           300000   300000        E         4

        CLASS   IDLOC          
                idloc                            200000   200000        8         5

        CLASS   EEDATA         

        CLASS   FARRAM         

        CLASS   HEAP           

        CLASS   STACK          



SEGMENTS        Name                           Load    Length   Top    Selector   Space  Class

                reset_vec                      000000  000004  000004         0       0  CODE    
                dataCOMRAM                     000001  000078  000079         1       1  COMRAM  
                bssBANK0                       000080  000080  000100        80       1  BANK0   
                smallconst                     001000  000050  001050       800       0  SMALLCON
                text0                          001050  0017FE  00284E       828       0  CODE    


UNUSED ADDRESS RANGES

        Name                Unused          Largest block    Delta
        BANK1            000100-0001FF              100
        BANK10           000A00-000AFF              100
        BANK11           000B00-000BFF              100
        BANK12           000C00-000CFF              100
        BANK13           000D00-000DFF              100
        BANK14           000E00-000EFF              100
        BANK15           000F00-000F7F               80
        BANK2            000200-0002FF              100
        BANK3            000300-0003FF              100
        BANK4            000400-0004FF              100
        BANK5            000500-0005FF              100
        BANK6            000600-0006FF              100
        BANK7            000700-0007FF              100
        BANK8            000800-0008FF              100
        BANK9            000900-0009FF              100
        BIGRAM           000079-00007F                7
                         000100-000F7F              E80
        BIGSFR           000F80-000FFF               80
        CODE             000004-000FFF              FFC
                         00284E-00FFFF             D7B2
        COMRAM           000079-00007F                7
        CONST            000004-000FFF              FFC
                         00284E-00FFFF             D7B2
        EEDATA           F00000-F003FF              400
        MEDIUMCONST      00284E-00FFFF             D7B2
        RAM              000100-000F7F              100
        SFR              000F80-000FFF               80
        SMALLCONST       00284E-00FFFF              100

                                  Symbol Table

?___aldiv                             cstackCOMRAM 000031
?___almod                             cstackCOMRAM 000031
?___lmul                              cstackCOMRAM 000031
?___wmul                              cstackCOMRAM 000031
?_atoi                                cstackCOMRAM 000037
?_isdigit                             cstackCOMRAM 000031
?_isspace                             cstackCOMRAM 000031
?_strlen                              cstackCOMRAM 000031
Dc_motor_initialize@F3042             bssCOMRAM    000078
Dc_motor_initialize@F3044             bssCOMRAM    000077
Dc_motor_stop@F3065                   bssCOMRAM    000072
Dc_motor_stop@F3067                   bssCOMRAM    000071
Dc_motor_turn_left@F3051              bssCOMRAM    000076
Dc_motor_turn_left@F3053              bssCOMRAM    000075
Dc_motor_turn_right@F3058             bssCOMRAM    000074
Dc_motor_turn_right@F3060             bssCOMRAM    000073
_Application_initialize               text21       002834
_LATA                                 (abs)        000F89
_LATB                                 (abs)        000F8A
_LATC                                 (abs)        000F8B
_LATD                                 (abs)        000F8C
_LATE                                 (abs)        000F8D
_PORTA                                (abs)        000F80
_PORTB                                (abs)        000F81
_PORTC                                (abs)        000F82
_PORTD                                (abs)        000F83
_PORTE                                (abs)        000F84
_TRISA                                (abs)        000F92
_TRISB                                (abs)        000F93
_TRISC                                (abs)        000F94
_TRISD                                (abs)        000F95
_TRISE                                (abs)        000F96
__HRAM                                (abs)        000000
__Habs1                               abs1         000000
__Hbank0                              bank0        000000
__Hbank1                              bank1        000000
__Hbank10                             bank10       000000
__Hbank11                             bank11       000000
__Hbank12                             bank12       000000
__Hbank13                             bank13       000000
__Hbank14                             bank14       000000
__Hbank15                             bank15       000000
__Hbank2                              bank2        000000
__Hbank3                              bank3        000000
__Hbank4                              bank4        000000
__Hbank5                              bank5        000000
__Hbank6                              bank6        000000
__Hbank7                              bank7        000000
__Hbank8                              bank8        000000
__Hbank9                              bank9        000000
__Hbigbss                             bigbss       000000
__Hbigdata                            bigdata      000000
__Hbigram                             bigram       000000
__Hbigsfr                             bigsfr       000000
__Hbss                                bss          000000
__HbssBANK0                           bssBANK0     000000
__HbssCOMRAM                          bssCOMRAM    000000
__Hcinit                              cinit        000000
__Hclrtext                            clrtext      000000
__Hcomram                             comram       000000
__Hconfig                             config       30000E
__Hconst                              const        000000
__HcstackCOMRAM                       cstackCOMRAM 000000
__Hdata                               data         000000
__HdataCOMRAM                         dataCOMRAM   000000
__Heeprom_data                        eeprom_data  000000
__Hfarbss                             farbss       000000
__Hfardata                            fardata      000000
__Hheap                               heap         000000
__Hibigdata                           ibigdata     000000
__Hidata                              idata        000000
__HidataCOMRAM                        idataCOMRAM  000000
__Hidloc                              idloc        200008
__Hifardata                           ifardata     000000
__Hinit                               init         000004
__Hintcode                            intcode      000000
__Hintcode_body                       intcode_body 000000
__Hintcodelo                          intcodelo    000000
__Hintentry                           intentry     000000
__Hintret                             intret       000000
__Hintsave_regs                       intsave_regs 000000
__Hirdata                             irdata       000000
__Hmediumconst                        mediumconst  000000
__HnvFARRAM                           nvFARRAM     000000
__Hnvbit                              nvbit        000000
__Hnvrram                             nvrram       000000
__Hparam                              rparam       000000
__Hpowerup                            powerup      000000
__Hram                                ram          000000
__Hramtop                             ramtop       001000
__Hrbit                               rbit         000000
__Hrbss                               rbss         000000
__Hrdata                              rdata        000000
__Hreset_vec                          reset_vec    000000
__Hrparam                             rparam       000000
__Hsfr                                sfr          000000
__Hsmallconst                         smallconst   001050
__Hspace_0                            (abs)        00284E
__Hspace_1                            (abs)        000100
__Hspace_2                            (abs)        000000
__Hspace_4                            (abs)        60000E
__Hstack                              stack        000000
__Hstruct                             struct       000000
__Htemp                               temp         000000
__Htext                               text         000000
__Htext0                              text0        000000
__Htext1                              text1        000000
__Htext10                             text10       000000
__Htext11                             text11       000000
__Htext12                             text12       000000
__Htext13                             text13       000000
__Htext14                             text14       000000
__Htext15                             text15       000000
__Htext16                             text16       000000
__Htext17                             text17       000000
__Htext18                             text18       000000
__Htext19                             text19       000000
__Htext2                              text2        000000
__Htext20                             text20       000000
__Htext21                             text21       000000
__Htext22                             text22       000000
__Htext23                             text23       000000
__Htext24                             text24       000000
__Htext25                             text25       000000
__Htext26                             text26       000000
__Htext27                             text27       000000
__Htext3                              text3        000000
__Htext4                              text4        000000
__Htext5                              text5        000000
__Htext6                              text6        000000
__Htext7                              text7        000000
__Htext8                              text8        000000
__Htext9                              text9        000000
__LRAM                                (abs)        000001
__Labs1                               abs1         000000
__Lbank0                              bank0        000000
__Lbank1                              bank1        000000
__Lbank10                             bank10       000000
__Lbank11                             bank11       000000
__Lbank12                             bank12       000000
__Lbank13                             bank13       000000
__Lbank14                             bank14       000000
__Lbank15                             bank15       000000
__Lbank2                              bank2        000000
__Lbank3                              bank3        000000
__Lbank4                              bank4        000000
__Lbank5                              bank5        000000
__Lbank6                              bank6        000000
__Lbank7                              bank7        000000
__Lbank8                              bank8        000000
__Lbank9                              bank9        000000
__Lbigbss                             bigbss       000000
__Lbigdata                            bigdata      000000
__Lbigram                             bigram       000000
__Lbigsfr                             bigsfr       000000
__Lbss                                bss          000000
__LbssBANK0                           bssBANK0     000000
__LbssCOMRAM                          bssCOMRAM    000000
__Lcinit                              cinit        000000
__Lclrtext                            clrtext      000000
__Lcomram                             comram       000000
__Lconfig                             config       000000
__Lconst                              const        000000
__LcstackCOMRAM                       cstackCOMRAM 000000
__Ldata                               data         000000
__LdataCOMRAM                         dataCOMRAM   000000
__Leeprom_data                        eeprom_data  000000
__Lfarbss                             farbss       000000
__Lfardata                            fardata      000000
__Lheap                               heap         000000
__Libigdata                           ibigdata     000000
__Lidata                              idata        000000
__LidataCOMRAM                        idataCOMRAM  000000
__Lidloc                              idloc        000000
__Lifardata                           ifardata     000000
__Linit                               init         000000
__Lintcode                            intcode      000000
__Lintcode_body                       intcode_body 000000
__Lintcodelo                          intcodelo    000000
__Lintentry                           intentry     000000
__Lintret                             intret       000000
__Lintsave_regs                       intsave_regs 000000
__Lirdata                             irdata       000000
__Lmediumconst                        mediumconst  000000
__LnvFARRAM                           nvFARRAM     000000
__Lnvbit                              nvbit        000000
__Lnvrram                             nvrram       000000
__Lparam                              rparam       000000
__Lpowerup                            powerup      000000
__Lram                                ram          000000
__Lramtop                             ramtop       001000
__Lrbit                               rbit         000000
__Lrbss                               rbss         000000
__Lrdata                              rdata        000000
__Lreset_vec                          reset_vec    000000
__Lrparam                             rparam       000000
__Lsfr                                sfr          000000
__Lsmallconst                         smallconst   001000
__Lspace_0                            (abs)        000000
__Lspace_1                            (abs)        000000
__Lspace_2                            (abs)        000000
__Lspace_4                            (abs)        000000
__Lstack                              stack        000000
__Lstruct                             struct       000000
__Ltemp                               temp         000000
__Ltext                               text         000000
__Ltext0                              text0        000000
__Ltext1                              text1        000000
__Ltext10                             text10       000000
__Ltext11                             text11       000000
__Ltext12                             text12       000000
__Ltext13                             text13       000000
__Ltext14                             text14       000000
__Ltext15                             text15       000000
__Ltext16                             text16       000000
__Ltext17                             text17       000000
__Ltext18                             text18       000000
__Ltext19                             text19       000000
__Ltext2                              text2        000000
__Ltext20                             text20       000000
__Ltext21                             text21       000000
__Ltext22                             text22       000000
__Ltext23                             text23       000000
__Ltext24                             text24       000000
__Ltext25                             text25       000000
__Ltext26                             text26       000000
__Ltext27                             text27       000000
__Ltext3                              text3        000000
__Ltext4                              text4        000000
__Ltext5                              text5        000000
__Ltext6                              text6        000000
__Ltext7                              text7        000000
__Ltext8                              text8        000000
__Ltext9                              text9        000000
__S0                                  (abs)        00284E
__S1                                  (abs)        000100
__S4                                  (abs)        000000
__S5                                  (abs)        000000
___aldiv                              text4        001CB0
___aldiv@counter                      cstackCOMRAM 000039
___aldiv@dividend                     cstackCOMRAM 000031
___aldiv@divisor                      cstackCOMRAM 000035
___aldiv@quotient                     cstackCOMRAM 00003B
___aldiv@sign                         cstackCOMRAM 00003A
___almod                              text3        001EC2
___almod@counter                      cstackCOMRAM 000039
___almod@dividend                     cstackCOMRAM 000031
___almod@divisor                      cstackCOMRAM 000035
___almod@sign                         cstackCOMRAM 00003A
___heap_hi                            (abs)        000000
___heap_lo                            (abs)        000000
___inthi_sp                           stack        000000
___intlo_sp                           stack        000000
___lmul                               text20       002602
___lmul@multiplicand                  cstackCOMRAM 000035
___lmul@multiplier                    cstackCOMRAM 000031
___lmul@product                       cstackCOMRAM 000039
___param_bank                         (abs)        000000
___rparam_used                        (abs)        000001
___sp                                 stack        000000
___wmul                               text19       00280E
___wmul@multiplicand                  cstackCOMRAM 000033
___wmul@multiplier                    cstackCOMRAM 000031
___wmul@product                       cstackCOMRAM 000035
__accesstop                           (abs)        000080
__activetblptr                        (abs)        000002
__end_of_Application_initialize       text21       00284E
__end_of___aldiv                      text4        001DBC
__end_of___almod                      text3        001FAE
__end_of___lmul                       text20       00266C
__end_of___wmul                       text19       002834
__end_of__initialization              cinit        002736
__end_of_atoi                         text16       001CB0
__end_of_btn_values                   smallconst   001011
__end_of_customChar                   smallconst   001019
__end_of_gpio_pin_direction_init      text27       0018C2
__end_of_gpio_pin_read_logic          text15       002168
__end_of_gpio_pin_write_logic         text26       001B6C
__end_of_isdigit                      text18       00280E
__end_of_isspace                      text17       0026FE
__end_of_keypad_get_value             text14       001EC2
__end_of_keypad_initialize            text25       002092
__end_of_lcd_4_bit_initialize         text22       001760
__end_of_lcd_4_bit_send_char_data     text13       00238A
__end_of_lcd_4_bit_send_char_data_pos text10       00277C
__end_of_lcd_4_bit_send_command       text23       002434
__end_of_lcd_4_bit_send_string        text12       0026B8
__end_of_lcd_4_bit_send_string_pos    text9        002602
__end_of_lcd_4bit_send_t              text24       0024AE
__end_of_lcd_4bit_set_cursor          text11       0022E0
__end_of_loading                      text8        002598
__end_of_main                         text0        001488
__end_of_memset                       text7        0015FE
__end_of_strlen                       text6        0027B2
__end_of_strncat                      text5        002524
__end_of_tostring                     text2        001A22
__end_of_welcome_massege              text1        002234
__initialization                      cinit        0026FE
__mediumconst                         mediumconst  000000
__pbssBANK0                           bssBANK0     000080
__pbssCOMRAM                          bssCOMRAM    000058
__pcinit                              cinit        0026FE
__pcstackCOMRAM                       cstackCOMRAM 000031
__pdataCOMRAM                         dataCOMRAM   000001
__pidataCOMRAM                        idataCOMRAM  0027B2
__psmallconst                         smallconst   001000
__ptext0                              text0        001050
__ptext1                              text1        002168
__ptext10                             text10       002740
__ptext11                             text11       002234
__ptext12                             text12       00266C
__ptext13                             text13       0022E0
__ptext14                             text14       001DBC
__ptext15                             text15       002092
__ptext16                             text16       001B6C
__ptext17                             text17       0026B8
__ptext18                             text18       0027E2
__ptext19                             text19       00280E
__ptext2                              text2        0018C2
__ptext20                             text20       002602
__ptext21                             text21       002834
__ptext22                             text22       0015FE
__ptext23                             text23       00238A
__ptext24                             text24       002434
__ptext25                             text25       001FAE
__ptext26                             text26       001A22
__ptext27                             text27       001760
__ptext3                              text3        001EC2
__ptext4                              text4        001CB0
__ptext5                              text5        0024AE
__ptext6                              text6        00277C
__ptext7                              text7        001488
__ptext8                              text8        002524
__ptext9                              text9        002598
__ramtop                              ramtop       001000
__smallconst                          smallconst   001000
_atoi                                 text16       001B6C
_btn_values                           smallconst   001001
_customChar                           smallconst   001011
_flag                                 bssCOMRAM    000069
_gpio_pin_direction_init              text27       001760
_gpio_pin_read_logic                  text15       002092
_gpio_pin_write_logic                 text26       001A22
_isdigit                              text18       0027E2
_isspace                              text17       0026B8
_isspace$1393                         cstackCOMRAM 000035
_kaypad_1                             dataCOMRAM   000022
_key_val                              dataCOMRAM   000030
_keypad_get_value                     text14       001DBC
_keypad_initialize                    text25       001FAE
_lat_register                         dataCOMRAM   00000B
_lcd_1                                dataCOMRAM   00002A
_lcd_4_bit_initialize                 text22       0015FE
_lcd_4_bit_send_char_data             text13       0022E0
_lcd_4_bit_send_char_data_pos         text10       002740
_lcd_4_bit_send_command               text23       00238A
_lcd_4_bit_send_string                text12       00266C
_lcd_4_bit_send_string_pos            text9        002598
_lcd_4bit_send_t                      text24       002434
_lcd_4bit_set_cursor                  text11       002234
_loading                              text8        002524
_main                                 text0        001050
_memset                               text7        001488
_n1                                   bssCOMRAM    000064
_n2                                   bssCOMRAM    000060
_port_register                        dataCOMRAM   000001
_process                              bssCOMRAM    000068
_res                                  bssCOMRAM    00005C
_res_lcd                              bssBANK0     000080
_ret                                  dataCOMRAM   000021
_str1                                 bssBANK0     0000E0
_str2                                 bssBANK0     0000C0
_strlen                               text6        00277C
_strncat                              text5        0024AE
_tostring                             text2        0018C2
_tris_register                        dataCOMRAM   000015
_val                                  dataCOMRAM   00001F
_val_text                             bssCOMRAM    000058
_welcome_massege                      text1        002168
atoi@n                                cstackCOMRAM 00003E
atoi@neg                              cstackCOMRAM 00003C
atoi@s                                cstackCOMRAM 000037
end_of_initialization                 cinit        002736
gpio_pin_direction_init@_pin_config_t cstackCOMRAM 000031
gpio_pin_direction_init@ret           cstackCOMRAM 000039
gpio_pin_read_logic@_pin_config_t     cstackCOMRAM 000031
gpio_pin_read_logic@logic             cstackCOMRAM 000033
gpio_pin_read_logic@ret               cstackCOMRAM 00003A
gpio_pin_write_logic@_pin_config_t    cstackCOMRAM 000031
gpio_pin_write_logic@logic            cstackCOMRAM 000033
gpio_pin_write_logic@ret              cstackCOMRAM 00003A
intlevel0                             text         000000
intlevel1                             text         000000
intlevel2                             text         000000
intlevel3                             text         000000
isa$std                               (abs)        000001
isa$xinst                             (abs)        000000
isdigit@c                             cstackCOMRAM 000031
isspace@c                             cstackCOMRAM 000031
keypad_get_value@_keypad              cstackCOMRAM 00003B
keypad_get_value@cnt_column           cstackCOMRAM 000043
keypad_get_value@cnt_row1             cstackCOMRAM 000041
keypad_get_value@cnt_row2             cstackCOMRAM 000042
keypad_get_value@i                    cstackCOMRAM 000046
keypad_get_value@j                    cstackCOMRAM 000044
keypad_get_value@k                    cstackCOMRAM 000047
keypad_get_value@logic_btn            cstackCOMRAM 000045
keypad_get_value@value                cstackCOMRAM 00003D
keypad_initialize@_keypad             cstackCOMRAM 00003B
keypad_initialize@cnt_column          cstackCOMRAM 000042
keypad_initialize@cnt_row             cstackCOMRAM 000041
keypad_initialize@i                   cstackCOMRAM 000043
keypad_initialize@j                   cstackCOMRAM 000044
lcd_4_bit_initialize@i                cstackCOMRAM 000045
lcd_4_bit_initialize@lcd              cstackCOMRAM 000041
lcd_4_bit_send_char_data@data         cstackCOMRAM 000040
lcd_4_bit_send_char_data@lcd          cstackCOMRAM 00003E
lcd_4_bit_send_char_data_pos@column   cstackCOMRAM 00004A
lcd_4_bit_send_char_data_pos@data     cstackCOMRAM 00004B
lcd_4_bit_send_char_data_pos@lcd      cstackCOMRAM 000047
lcd_4_bit_send_char_data_pos@row      cstackCOMRAM 000049
lcd_4_bit_send_command@command        cstackCOMRAM 000040
lcd_4_bit_send_command@lcd            cstackCOMRAM 00003E
lcd_4_bit_send_string@lcd             cstackCOMRAM 000041
lcd_4_bit_send_string@str             cstackCOMRAM 000043
lcd_4_bit_send_string_pos@column      cstackCOMRAM 00004A
lcd_4_bit_send_string_pos@lcd         cstackCOMRAM 000047
lcd_4_bit_send_string_pos@row         cstackCOMRAM 000049
lcd_4_bit_send_string_pos@str         cstackCOMRAM 00004B
lcd_4bit_send_t@_data_command         cstackCOMRAM 00003D
lcd_4bit_send_t@lcd                   cstackCOMRAM 00003B
lcd_4bit_set_cursor@column            cstackCOMRAM 000044
lcd_4bit_set_cursor@lcd               cstackCOMRAM 000041
lcd_4bit_set_cursor@row               cstackCOMRAM 000043
led_initialize@F3043                  bssCOMRAM    000070
led_toggle_logic@F3058                bssCOMRAM    00006D
led_turn_off@F3053                    bssCOMRAM    00006E
led_turn_on@F3048                     bssCOMRAM    00006F
loading@i                             cstackCOMRAM 00004F
memset@c                              cstackCOMRAM 000033
memset@dest                           cstackCOMRAM 000031
memset@k                              cstackCOMRAM 000039
memset@n                              cstackCOMRAM 000035
memset@s                              cstackCOMRAM 00003B
relay_initialize@F3037                bssCOMRAM    00006C
relay_turn_off@F3047                  bssCOMRAM    00006A
relay_turn_on@F3042                   bssCOMRAM    00006B
stackhi                               (abs)        000000
stacklo                               (abs)        000000
start                                 init         000000
start_initialization                  cinit        0026FE
strlen@a                              cstackCOMRAM 000033
strlen@s                              cstackCOMRAM 000031
strncat@d                             cstackCOMRAM 000035
strncat@n                             cstackCOMRAM 000039
strncat@s                             cstackCOMRAM 000037
tostring@i                            cstackCOMRAM 00004B
tostring@len                          cstackCOMRAM 000053
tostring@n                            cstackCOMRAM 00004F
tostring@num                          cstackCOMRAM 000041
tostring@rem                          cstackCOMRAM 000047
tostring@str                          cstackCOMRAM 00003F
welcome_massege@i                     cstackCOMRAM 00004F


MODULE INFORMATION

Module		Function		Class		Link	Load	Size
C:\Program Files\Microchip\xc8\v2.40\pic\sources\c99\common\strncat.c
		_strncat       		CODE           	24AE	0000	118

C:\Program Files\Microchip\xc8\v2.40\pic\sources\c99\common\strncat.c estimated size: 118

C:\Program Files\Microchip\xc8\v2.40\pic\sources\c99\common\isspace.c
		_isspace       		CODE           	26B8	0000	70

C:\Program Files\Microchip\xc8\v2.40\pic\sources\c99\common\isspace.c estimated size: 70

C:\Program Files\Microchip\xc8\v2.40\pic\sources\c99\common\atoi.c
		_atoi          		CODE           	1B6C	0000	324

C:\Program Files\Microchip\xc8\v2.40\pic\sources\c99\common\atoi.c estimated size: 324

C:\Program Files\Microchip\xc8\v2.40\pic\sources\c99\common\aldiv.c
		___aldiv       		CODE           	1CB0	0000	268

C:\Program Files\Microchip\xc8\v2.40\pic\sources\c99\common\aldiv.c estimated size: 268

C:\Program Files\Microchip\xc8\v2.40\pic\sources\c99\common\Umul16.c
		___wmul        		CODE           	280E	0000	38

C:\Program Files\Microchip\xc8\v2.40\pic\sources\c99\common\Umul16.c estimated size: 38

C:\Program Files\Microchip\xc8\v2.40\pic\sources\c99\common\isdigit.c
		_isdigit       		CODE           	27E2	0000	44

C:\Program Files\Microchip\xc8\v2.40\pic\sources\c99\common\isdigit.c estimated size: 44

ECU_Layer/ecu_keypad/ecu_keypad.c
		_keypad_get_value		CODE           	1DBC	0000	262
		_keypad_initialize		CODE           	1FAE	0000	228

ECU_Layer/ecu_keypad/ecu_keypad.c estimated size: 490

Application.c
		_tostring      		CODE           	18C2	0000	352
		_loading       		CODE           	2524	0000	116
		_welcome_massege		CODE           	2168	0000	204
		_main          		CODE           	1050	0000	1080
		_Application_initialize		CODE           	2834	0000	26

Application.c estimated size: 1778

C:\Program Files\Microchip\xc8\v2.40\pic\sources\c99\common\Umul32.c
		___lmul        		CODE           	2602	0000	106

C:\Program Files\Microchip\xc8\v2.40\pic\sources\c99\common\Umul32.c estimated size: 106

ECU_Layer/ecu_lcd/ecu_lcd.c
		_lcd_4_bit_send_string_pos		CODE           	2598	0000	106
		_lcd_4bit_send_t		CODE           	2434	0000	122
		_lcd_4_bit_initialize		CODE           	15FE	0000	354
		_lcd_4_bit_send_string		CODE           	266C	0000	76
		_lcd_4bit_set_cursor		CODE           	2234	0000	172
		_lcd_4_bit_send_char_data		CODE           	22E0	0000	170
		_lcd_4_bit_send_char_data_pos		CODE           	2740	0000	60
		_lcd_4_bit_send_command		CODE           	238A	0000	170

ECU_Layer/ecu_lcd/ecu_lcd.c estimated size: 1230

C:\Program Files\Microchip\xc8\v2.40\pic\sources\c99\common\strlen.c
		_strlen        		CODE           	277C	0000	54

C:\Program Files\Microchip\xc8\v2.40\pic\sources\c99\common\strlen.c estimated size: 54

shared
		_customChar    		SMALLCONST     	1011	0000	8
		_btn_values    		SMALLCONST     	1001	0000	16
		__initialization		CODE           	26FE	0000	56

shared estimated size: 80

C:\Program Files\Microchip\xc8\v2.40\pic\sources\c99\common\memset.c
		_memset        		CODE           	1488	0000	374

C:\Program Files\Microchip\xc8\v2.40\pic\sources\c99\common\memset.c estimated size: 374

MCAL_Layer/hal_gpio.c
		_gpio_pin_write_logic		CODE           	1A22	0000	330
		_gpio_pin_direction_init		CODE           	1760	0000	354
		_gpio_pin_read_logic		CODE           	2092	0000	214

MCAL_Layer/hal_gpio.c estimated size: 898

C:\Program Files\Microchip\xc8\v2.40\pic\sources\c99\common\almod.c
		___almod       		CODE           	1EC2	0000	236

C:\Program Files\Microchip\xc8\v2.40\pic\sources\c99\common\almod.c estimated size: 236

